{
    
  "caseTag":  "UnknownAction",
    
  "exceptionType":  "DotQueue.NonRetryableException",
    
  "message":  "No handler for action 9999"

}