{
    
  "caseTag":  "MissingName",
    
  "exceptionType":  "DotQueue.NonRetryableException",
    
  "message":  "Task Name is required."

}