{
    
  "caseTag":  "InvalidId",
    
  "exceptionType":  "Accessor.Messaging.NonRetryableException",
    
  "message":  "Task Id must be a positive integer."

}