{
    
  "caseTag":  "NullPayload",
    
  "exceptionType":  "DotQueue.NonRetryableException",
    
  "message":  "Payload deserialization returned null for TaskModel."

}